/global/homes/d/dwhan89/.local/cori/2.7-anaconda-4.4/lib/python2.7/site-packages/pyfits/__init__.py:22: PyFITSDeprecationWarning: PyFITS is deprecated, please use astropy.io.fits
  PyFITSDeprecationWarning)  # noqa
/global/homes/d/dwhan89/.local/cori/2.7-anaconda-4.4/lib/python2.7/site-packages/pyfits/__init__.py:22: PyFITSDeprecationWarning: PyFITS is deprecated, please use astropy.io.fits
  PyFITSDeprecationWarning)  # noqa
/global/homes/d/dwhan89/.local/cori/2.7-anaconda-4.4/lib/python2.7/site-packages/pyfits/__init__.py:22: PyFITSDeprecationWarning: PyFITS is deprecated, please use astropy.io.fits
  PyFITSDeprecationWarning)  # noqa
/global/homes/d/dwhan89/.local/cori/2.7-anaconda-4.4/lib/python2.7/site-packages/pyfits/__init__.py:22: PyFITSDeprecationWarning: PyFITS is deprecated, please use astropy.io.fits
  PyFITSDeprecationWarning)  # noqa
/global/homes/d/dwhan89/.local/cori/2.7-anaconda-4.4/lib/python2.7/site-packages/pyfits/__init__.py:22: PyFITSDeprecationWarning: PyFITS is deprecated, please use astropy.io.fits
  PyFITSDeprecationWarning)  # noqa
/global/homes/d/dwhan89/.local/cori/2.7-anaconda-4.4/lib/python2.7/site-packages/pyfits/__init__.py:22: PyFITSDeprecationWarning: PyFITS is deprecated, please use astropy.io.fits
  PyFITSDeprecationWarning)  # noqa
/global/homes/d/dwhan89/.local/cori/2.7-anaconda-4.4/lib/python2.7/site-packages/pyfits/__init__.py:22: PyFITSDeprecationWarning: PyFITS is deprecated, please use astropy.io.fits
  PyFITSDeprecationWarning)  # noqa
/global/homes/d/dwhan89/.local/cori/2.7-anaconda-4.4/lib/python2.7/site-packages/pyfits/__init__.py:22: PyFITSDeprecationWarning: PyFITS is deprecated, please use astropy.io.fits
  PyFITSDeprecationWarning)  # noqa
/global/homes/d/dwhan89/.local/cori/2.7-anaconda-4.4/lib/python2.7/site-packages/pyfits/__init__.py:22: PyFITSDeprecationWarning: PyFITS is deprecated, please use astropy.io.fits
  PyFITSDeprecationWarning)  # noqa
/global/homes/d/dwhan89/.local/cori/2.7-anaconda-4.4/lib/python2.7/site-packages/pyfits/__init__.py:22: PyFITSDeprecationWarning: PyFITS is deprecated, please use astropy.io.fits
  PyFITSDeprecationWarning)  # noqa
/global/homes/d/dwhan89/.local/cori/2.7-anaconda-4.4/lib/python2.7/site-packages/pyfits/__init__.py:22: PyFITSDeprecationWarning: PyFITS is deprecated, please use astropy.io.fits
  PyFITSDeprecationWarning)  # noqa
/global/homes/d/dwhan89/.local/cori/2.7-anaconda-4.4/lib/python2.7/site-packages/pyfits/__init__.py:22: PyFITSDeprecationWarning: PyFITS is deprecated, please use astropy.io.fits
  PyFITSDeprecationWarning)  # noqa
/global/homes/d/dwhan89/.local/cori/2.7-anaconda-4.4/lib/python2.7/site-packages/pyfits/__init__.py:22: PyFITSDeprecationWarning: PyFITS is deprecated, please use astropy.io.fits
  PyFITSDeprecationWarning)  # noqa
/global/homes/d/dwhan89/.local/cori/2.7-anaconda-4.4/lib/python2.7/site-packages/pyfits/__init__.py:22: PyFITSDeprecationWarning: PyFITS is deprecated, please use astropy.io.fits
  PyFITSDeprecationWarning)  # noqa
/global/homes/d/dwhan89/.local/cori/2.7-anaconda-4.4/lib/python2.7/site-packages/pyfits/__init__.py:22: PyFITSDeprecationWarning: PyFITS is deprecated, please use astropy.io.fits
  PyFITSDeprecationWarning)  # noqa
/global/homes/d/dwhan89/.local/cori/2.7-anaconda-4.4/lib/python2.7/site-packages/pyfits/__init__.py:22: PyFITSDeprecationWarning: PyFITS is deprecated, please use astropy.io.fits
  PyFITSDeprecationWarning)  # noqa
/global/homes/d/dwhan89/.local/cori/2.7-anaconda-4.4/lib/python2.7/site-packages/pyfits/__init__.py:22: PyFITSDeprecationWarning: PyFITS is deprecated, please use astropy.io.fits
  PyFITSDeprecationWarning)  # noqa
/global/homes/d/dwhan89/.local/cori/2.7-anaconda-4.4/lib/python2.7/site-packages/pyfits/__init__.py:22: PyFITSDeprecationWarning: PyFITS is deprecated, please use astropy.io.fits
  PyFITSDeprecationWarning)  # noqa
/global/homes/d/dwhan89/.local/cori/2.7-anaconda-4.4/lib/python2.7/site-packages/pyfits/__init__.py:22: PyFITSDeprecationWarning: PyFITS is deprecated, please use astropy.io.fits
  PyFITSDeprecationWarning)  # noqa
/global/homes/d/dwhan89/.local/cori/2.7-anaconda-4.4/lib/python2.7/site-packages/pyfits/__init__.py:22: PyFITSDeprecationWarning: PyFITS is deprecated, please use astropy.io.fits
  PyFITSDeprecationWarning)  # noqa
/global/homes/d/dwhan89/.local/cori/2.7-anaconda-4.4/lib/python2.7/site-packages/pyfits/__init__.py:22: PyFITSDeprecationWarning: PyFITS is deprecated, please use astropy.io.fits
  PyFITSDeprecationWarning)  # noqa
/global/homes/d/dwhan89/.local/cori/2.7-anaconda-4.4/lib/python2.7/site-packages/pyfits/__init__.py:22: PyFITSDeprecationWarning: PyFITS is deprecated, please use astropy.io.fits
  PyFITSDeprecationWarning)  # noqa
/global/homes/d/dwhan89/.local/cori/2.7-anaconda-4.4/lib/python2.7/site-packages/pyfits/__init__.py:22: PyFITSDeprecationWarning: PyFITS is deprecated, please use astropy.io.fits
  PyFITSDeprecationWarning)  # noqa
/global/homes/d/dwhan89/.local/cori/2.7-anaconda-4.4/lib/python2.7/site-packages/pyfits/__init__.py:22: PyFITSDeprecationWarning: PyFITS is deprecated, please use astropy.io.fits
  PyFITSDeprecationWarning)  # noqa
/global/homes/d/dwhan89/.local/cori/2.7-anaconda-4.4/lib/python2.7/site-packages/pyfits/__init__.py:22: PyFITSDeprecationWarning: PyFITS is deprecated, please use astropy.io.fits
  PyFITSDeprecationWarning)  # noqa
/global/homes/d/dwhan89/.local/cori/2.7-anaconda-4.4/lib/python2.7/site-packages/pyfits/__init__.py:22: PyFITSDeprecationWarning: PyFITS is deprecated, please use astropy.io.fits
  PyFITSDeprecationWarning)  # noqa
/global/homes/d/dwhan89/.local/cori/2.7-anaconda-4.4/lib/python2.7/site-packages/pyfits/__init__.py:22: PyFITSDeprecationWarning: PyFITS is deprecated, please use astropy.io.fits
  PyFITSDeprecationWarning)  # noqa
/global/homes/d/dwhan89/.local/cori/2.7-anaconda-4.4/lib/python2.7/site-packages/pyfits/__init__.py:22: PyFITSDeprecationWarning: PyFITS is deprecated, please use astropy.io.fits
  PyFITSDeprecationWarning)  # noqa
/global/homes/d/dwhan89/.local/cori/2.7-anaconda-4.4/lib/python2.7/site-packages/pyfits/__init__.py:22: PyFITSDeprecationWarning: PyFITS is deprecated, please use astropy.io.fits
  PyFITSDeprecationWarning)  # noqa
/global/homes/d/dwhan89/.local/cori/2.7-anaconda-4.4/lib/python2.7/site-packages/pyfits/__init__.py:22: PyFITSDeprecationWarning: PyFITS is deprecated, please use astropy.io.fits
  PyFITSDeprecationWarning)  # noqa
/global/homes/d/dwhan89/.local/cori/2.7-anaconda-4.4/lib/python2.7/site-packages/pyfits/__init__.py:22: PyFITSDeprecationWarning: PyFITS is deprecated, please use astropy.io.fits
  PyFITSDeprecationWarning)  # noqa
/global/homes/d/dwhan89/.local/cori/2.7-anaconda-4.4/lib/python2.7/site-packages/pyfits/__init__.py:22: PyFITSDeprecationWarning: PyFITS is deprecated, please use astropy.io.fits
  PyFITSDeprecationWarning)  # noqa
defualt_input_params_dir is /global/u2/d/dwhan89/cori/workspace/cmblens/cmblens/../inputParams
loading /global/u2/d/dwhan89/cori/workspace/cmblens/cmblens/../conf/logger.yaml
[WARNING] failed to load NaMaster. Using power_nmt functionality will cause error.
MPI: rank 0 is initalized
Traceback (most recent call last):
  File "curved_full_skyv2.py", line 198, in <module>
    add_with_err(plotter, st, lbin, 'cl%s_lensed' %polcom, color=colors[color_idx], label='%s sim'%polcom.upper()) 
  File "curved_full_skyv2.py", line 179, in add_with_err
    mean =  st.stats[key]['mean']
KeyError: 'cltt_lensed'
Rank 0 [Wed May 30 04:12:43 2018] [c3-0c1s14n1] application called MPI_Abort(MPI_COMM_WORLD, 1) - process 0
srun: error: nid00697: task 0: Aborted
srun: Terminating job step 12983172.0
defualt_input_params_dir is /global/u2/d/dwhan89/cori/workspace/cmblens/cmblens/../inputParams
loading /global/u2/d/dwhan89/cori/workspace/cmblens/cmblens/../conf/logger.yaml
[WARNING] failed to load NaMaster. Using power_nmt functionality will cause error.
MPI: rank 30 is initalized
MPICH2 ERROR [Rank 30] [job id 12983172] [Wed May 30 04:14:10 2018] [c3-0c2s3n1] [nid00717] - MPID_nem_gni_check_localCQ(): GNI_CQ_EVENT_TYPE_SMSG had error (SOURCE_SSID:AT_MDD_INV:CPLTN_DREQ)
defualt_input_params_dir is /global/u2/d/dwhan89/cori/workspace/cmblens/cmblens/../inputParams
loading /global/u2/d/dwhan89/cori/workspace/cmblens/cmblens/../conf/logger.yaml
[WARNING] failed to load NaMaster. Using power_nmt functionality will cause error.
MPI: rank 28 is initalized
MPICH2 ERROR [Rank 28] [job id 12983172] [Wed May 30 04:14:11 2018] [c3-0c2s3n0] [nid00716] - MPID_nem_gni_check_localCQ(): GNI_CQ_EVENT_TYPE_SMSG had error (SOURCE_SSID:AT_MDD_INV:CPLTN_DREQ)
defualt_input_params_dir is /global/u2/d/dwhan89/cori/workspace/cmblens/cmblens/../inputParams
loading /global/u2/d/dwhan89/cori/workspace/cmblens/cmblens/../conf/logger.yaml
[WARNING] failed to load NaMaster. Using power_nmt functionality will cause error.
MPI: rank 24 is initalized
MPICH2 ERROR [Rank 24] [job id 12983172] [Wed May 30 04:14:26 2018] [c3-0c2s2n2] [nid00714] - MPID_nem_gni_check_localCQ(): GNI_CQ_EVENT_TYPE_SMSG had error (SOURCE_SSID:AT_MDD_INV:CPLTN_DREQ)
slurmstepd: error: *** STEP 12983172.0 ON nid00697 CANCELLED AT 2018-05-30T04:14:51 ***
srun: error: nid00697: task 1: Terminated
srun: error: nid00698: tasks 2-3: Terminated
srun: error: nid00700: tasks 6-7: Terminated
srun: error: nid00699: tasks 4-5: Terminated
srun: error: nid00703: tasks 12-13: Terminated
srun: error: nid00706: tasks 16-17: Terminated
srun: error: nid00707: tasks 18-19: Terminated
srun: error: nid00716: tasks 28-29: Terminated
srun: error: nid00713: tasks 22-23: Terminated
srun: error: nid00701: tasks 8-9: Terminated
srun: error: nid00715: tasks 26-27: Terminated
srun: error: nid00712: tasks 20-21: Terminated
srun: error: nid00705: tasks 14-15: Terminated
srun: error: nid00714: tasks 24-25: Terminated
srun: error: nid00702: tasks 10-11: Terminated
srun: error: nid00717: tasks 30-31: Terminated
srun: Force Terminated job step 12983172.0
